╭──────────────────────────────╮╭──────────────────────────────╮╭──────────────────────────────╮╭──────────────────────────────╮
│            Ready             ││         In Progress          ││           Blocked            ││             Done             │
│──────────────────────────────││──────────────────────────────││──────────────────────────────││──────────────────────────────│
│no items                      ││ [P1] □ Task with worker      ││no items                      ││no items                      │
╰──────────────────────────────╯│ oro-bbb.1                    │╰──────────────────────────────╯╰──────────────────────────────╯
                                │ 👷 ● worker-healthy 35%      │                                                                
                                │                              │                                                                
                                │ [P2] □ Stale worker task     │                                                                
                                │ oro-bbb.2                    │                                                                
                                │ 👷 ● worker-stale 75%        │                                                                
                                │                              │                                                                
                                │                              │                                                                
                                ╰──────────────────────────────╯                                                                