╭──────────────────────────────╮╭──────────────────────────────╮╭──────────────────────────────╮╭──────────────────────────────╮
│            Ready             ││         In Progress          ││           Blocked            ││             Done             │
│──────────────────────────────││──────────────────────────────││──────────────────────────────││──────────────────────────────│
│no items                      ││no items                      ││no items                      ││no items                      │
╰──────────────────────────────╯╰──────────────────────────────╯╰──────────────────────────────╯╰──────────────────────────────╯