╭──────────────────────────────╮╭──────────────────────────────╮╭──────────────────────────────╮╭──────────────────────────────╮
│                              ││                              ││                              ││                              │
│             Ready            ││          In Progress         ││            Blocked           ││          Done (10/12)        │
│ ──────────────────────────── ││ ──────────────────────────── ││ ──────────────────────────── ││ ──────────────────────────── │
│ ──                           ││ ──                           ││ ──                           ││ ──                           │
│                              ││                              ││                              ││ ╭─────────────────────────── │
│                              ││                              ││                              ││ ─╮                           │
╰──────────────────────────────╯╰──────────────────────────────╯╰──────────────────────────────╯│ │                            │
                                                                                                │ │                            │
                                                                                                │ │  [P0] • Closed C           │
                                                                                                │ │                            │
                                                                                                │ │  oro-done.c                │
                                                                                                │ │                            │
                                                                                                │ │                            │
                                                                                                │ │                            │
                                                                                                │ ╰─────────────────────────── │
                                                                                                │ ─╯                           │
                                                                                                │ ╭─────────────────────────── │
                                                                                                │ ─╮                           │
                                                                                                │ │                            │
                                                                                                │ │                            │
                                                                                                │ │  [P0] • Closed D           │
                                                                                                │ │                            │
                                                                                                │ │  oro-done.d                │
                                                                                                │ │                            │
                                                                                                │ │                            │
                                                                                                │ │                            │
                                                                                                │ ╰─────────────────────────── │
                                                                                                │ ─╯                           │
                                                                                                │ ╭─────────────────────────── │
                                                                                                │ ─╮                           │
                                                                                                │ │                            │
                                                                                                │ │                            │
                                                                                                │ │  [P0] • Closed E           │
                                                                                                │ │                            │
                                                                                                │ │  oro-done.e                │
                                                                                                │ │                            │
                                                                                                │ │                            │
                                                                                                │ │                            │
                                                                                                │ ╰─────────────────────────── │
                                                                                                │ ─╯                           │
                                                                                                │ ╭─────────────────────────── │
                                                                                                │ ─╮                           │
                                                                                                │ │                            │
                                                                                                │ │                            │
                                                                                                │ │  [P0] • Closed F           │
                                                                                                │ │                            │
                                                                                                │ │  oro-done.f                │
                                                                                                │ │                            │
                                                                                                │ │                            │
                                                                                                │ │                            │
                                                                                                │ ╰─────────────────────────── │
                                                                                                │ ─╯                           │
                                                                                                │ ╭─────────────────────────── │
                                                                                                │ ─╮                           │
                                                                                                │ │                            │
                                                                                                │ │                            │
                                                                                                │ │  [P0] • Closed G           │
                                                                                                │ │                            │
                                                                                                │ │  oro-done.g                │
                                                                                                │ │                            │
                                                                                                │ │                            │
                                                                                                │ │                            │
                                                                                                │ ╰─────────────────────────── │
                                                                                                │ ─╯                           │
                                                                                                │ ╭─────────────────────────── │
                                                                                                │ ─╮                           │
                                                                                                │ │                            │
                                                                                                │ │                            │
                                                                                                │ │  [P0] • Closed H           │
                                                                                                │ │                            │
                                                                                                │ │  oro-done.h                │
                                                                                                │ │                            │
                                                                                                │ │                            │
                                                                                                │ │                            │
                                                                                                │ ╰─────────────────────────── │
                                                                                                │ ─╯                           │
                                                                                                │ ╭─────────────────────────── │
                                                                                                │ ─╮                           │
                                                                                                │ │                            │
                                                                                                │ │                            │
                                                                                                │ │  [P0] • Closed I           │
                                                                                                │ │                            │
                                                                                                │ │  oro-done.i                │
                                                                                                │ │                            │
                                                                                                │ │                            │
                                                                                                │ │                            │
                                                                                                │ ╰─────────────────────────── │
                                                                                                │ ─╯                           │
                                                                                                │ ╭─────────────────────────── │
                                                                                                │ ─╮                           │
                                                                                                │ │                            │
                                                                                                │ │                            │
                                                                                                │ │  [P0] • Closed J           │
                                                                                                │ │                            │
                                                                                                │ │  oro-done.j                │
                                                                                                │ │                            │
                                                                                                │ │                            │
                                                                                                │ │                            │
                                                                                                │ ╰─────────────────────────── │
                                                                                                │ ─╯                           │
                                                                                                │ ╭─────────────────────────── │
                                                                                                │ ─╮                           │
                                                                                                │ │                            │
                                                                                                │ │                            │
                                                                                                │ │  [P0] • Closed K           │
                                                                                                │ │                            │
                                                                                                │ │  oro-done.k                │
                                                                                                │ │                            │
                                                                                                │ │                            │
                                                                                                │ │                            │
                                                                                                │ ╰─────────────────────────── │
                                                                                                │ ─╯                           │
                                                                                                │ ╭─────────────────────────── │
                                                                                                │ ─╮                           │
                                                                                                │ │                            │
                                                                                                │ │                            │
                                                                                                │ │  [P0] • Closed L           │
                                                                                                │ │                            │
                                                                                                │ │  oro-done.l                │
                                                                                                │ │                            │
                                                                                                │ │                            │
                                                                                                │ │                            │
                                                                                                │ ╰─────────────────────────── │
                                                                                                │ ─╯                           │
                                                                                                │                              │
                                                                                                │                              │
                                                                                                ╰──────────────────────────────╯