 Open (1)                                                 │ Closed (0)                                               
                                                          │                                                          
    ■ [P1] oro-s...  The only bead                        │                                                          
                                                          │                                                          
                                                          │                                                          
                                                          │                                                          
                                                          │                                                          
                                                          │                                                          
                                                          │                                                          
                                                          │                                                          
                                                          │                                                          
                                                          │                                                          
                                                          │                                                          
                                                          │                                                          
                                                          │                                                          
                                                          │                                                          
                                                          │                                                          
                                                          │                                                          
                                                          │                                                          
                                                          │                                                          
                                                          │                                                          
                                                          │                                                          
                                                          │                                                          
                                                          │                                                          
                                                          │                                                          
                                                          │                                                          
                                                          │                                                          
                                                          │                                                          
                                                          │                                                          
                                                          │                                                          
                                                          │                                                          
                                                          │                                                          
                                                          │                                                          
                                                          │                                                          
                                                          │                                                          
                                                          │                                                          
                                                          │                                                          
                                                          │                                                          
                                                          │                                                          
                                                          │                                                          