Overview [Worker] Diff Deps Memory Output                                       
                                                                                
Worker: worker-snapshot                                                         
Context: 58 %                                                                   
Last Heartbeat: 2026-02-19T10:00:00Z                                            
                                                                                
No events                                                                       
                                                                                
                                                                                
                                                                                
                                                                                
                                                                                
                                                                                
                                                                                
                                                                                
                                                                                
                                                                                
                                                                                
                                                                                
                                                                                
                                                                                
                                                                                
                                                                                
                                                                                
                                                                                
                                                                                
                                                                                
                                                                                
                                                                                
                                                                                
                                                                                
                                                                                
                                                                                
                                                                                
                                                                                
                                                                                
                                                                                
                                                                                