╭──────────────────────────────╮╭──────────────────────────────╮╭──────────────────────────────╮╭──────────────────────────────╮
│            Ready             ││         In Progress          ││           Blocked            ││          Done (1/1)          │
│──────────────────────────────││──────────────────────────────││──────────────────────────────││──────────────────────────────│
│╭────────────────────────────╮││╭────────────────────────────╮││╭────────────────────────────╮││╭────────────────────────────╮│
││                            ││││                            ││││                            ││││                            ││
││  [P1] □ Open task          ││││  [P0] ⚠ In-progress bug    ││││  [P2] ✦ Blocked feature    ││││  [P3] ◈ Closed epic        ││
││  oro-aaa.1                 ││││  oro-aaa.2                 ││││  oro-aaa.3                 ││││  oro-aaa.4                 ││
││                            ││││                            ││││  🚧 oro‑aaa.1              ││││                            ││
│╰────────────────────────────╯││╰────────────────────────────╯│││                            │││╰────────────────────────────╯│
│                              ││                              ││╰────────────────────────────╯││                              │
╰──────────────────────────────╯╰──────────────────────────────╯│                              │╰──────────────────────────────╯
                                                                ╰──────────────────────────────╯                                