▼  Open (1)                                                 │ oro-solo.1                                                
     📋 [P1] oro-s...  The only bead                        │The only bead                                              
                                                            │open                                                       
                                                            │                                                           
                                                            │                                                           
                                                            │                                                           
                                                            │                                                           
                                                            │                                                           
                                                            │                                                           
                                                            │                                                           
                                                            │                                                           
                                                            │                                                           
                                                            │                                                           
                                                            │                                                           
                                                            │                                                           
                                                            │                                                           
                                                            │                                                           
                                                            │                                                           
                                                            │                                                           
                                                            │                                                           
                                                            │                                                           
                                                            │                                                           
                                                            │                                                           
                                                            │                                                           
                                                            │                                                           
                                                            │                                                           
                                                            │                                                           
                                                            │                                                           
                                                            │                                                           
                                                            │                                                           
                                                            │                                                           
                                                            │                                                           
                                                            │                                                           
                                                            │                                                           
                                                            │                                                           
                                                            │                                                           
                                                            │                                                           
                                                            │                                                           
                                                            │                                                           
                                                            │                                                           