╭──────────────────────────────╮╭──────────────────────────────╮╭──────────────────────────────╮╭──────────────────────────────╮
│                              ││                              ││                              ││                              │
│             Ready            ││          In Progress         ││            Blocked           ││              Done            │
│ ──────────────────────────── ││ ──────────────────────────── ││ ──────────────────────────── ││ ──────────────────────────── │
│ ──                           ││ ──                           ││ ──                           ││ ──                           │
│                              ││ ╭─────────────────────────── ││                              ││                              │
│                              ││ ─╮                           ││                              ││                              │
╰──────────────────────────────╯│ │                            │╰──────────────────────────────╯╰──────────────────────────────╯
                                │ │                            │                                                                
                                │ │  [P1] □ Task with worker   │                                                                
                                │ │                            │                                                                
                                │ │  oro-bbb.1                 │                                                                
                                │ │                            │                                                                
                                │ │  👷 ● worker-healthy 35%   │                                                                
                                │ │                            │                                                                
                                │ │                            │                                                                
                                │ │                            │                                                                
                                │ ╰─────────────────────────── │                                                                
                                │ ─╯                           │                                                                
                                │ ╭─────────────────────────── │                                                                
                                │ ─╮                           │                                                                
                                │ │                            │                                                                
                                │ │                            │                                                                
                                │ │  [P2] □ Stale worker task  │                                                                
                                │ │                            │                                                                
                                │ │  oro-bbb.2                 │                                                                
                                │ │                            │                                                                
                                │ │  👷 ● worker-stale 75%     │                                                                
                                │ │                            │                                                                
                                │ │                            │                                                                
                                │ │                            │                                                                
                                │ ╰─────────────────────────── │                                                                
                                │ ─╯                           │                                                                
                                │                              │                                                                
                                │                              │                                                                
                                ╰──────────────────────────────╯                                                                