╭──────────────────────────────╮╭──────────────────────────────╮╭──────────────────────────────╮╭──────────────────────────────╮
│                              ││                              ││                              ││                              │
│             Ready            ││          In Progress         ││            Blocked           ││              Done            │
│ ──────────────────────────── ││ ──────────────────────────── ││ ──────────────────────────── ││ ──────────────────────────── │
│ ──                           ││ ──                           ││ ──                           ││ ──                           │
│                              ││                              ││                              ││                              │
│                              ││                              ││                              ││                              │
╰──────────────────────────────╯╰──────────────────────────────╯╰──────────────────────────────╯╰──────────────────────────────╯