 Open (4)                                                 │ Closed (0)                                               
                                                          │                                                          
    [B] [P0] oro-a...  First open task                    │                                                          
     [T] [P1] oro-a...  Second open task                  │                                                          
    [F] [P2] oro-a...  Third open task                    │                                                          
    [T] [P3] oro-a...  Fourth open task                   │                                                          
                                                          │                                                          
                                                          │                                                          
                                                          │                                                          
                                                          │                                                          
                                                          │                                                          
                                                          │                                                          
                                                          │                                                          
                                                          │                                                          
                                                          │                                                          
                                                          │                                                          
                                                          │                                                          
                                                          │                                                          
                                                          │                                                          
                                                          │                                                          
                                                          │                                                          
                                                          │                                                          
                                                          │                                                          
                                                          │                                                          
                                                          │                                                          
                                                          │                                                          
                                                          │                                                          
                                                          │                                                          
                                                          │                                                          
                                                          │                                                          
                                                          │                                                          
                                                          │                                                          
                                                          │                                                          
                                                          │                                                          
                                                          │                                                          
                                                          │                                                          
                                                          │                                                          
                                                          │                                                          
                                                          │                                                          
                                                          │                                                          