▼  Open (5)                                                                                                             
   ⚠ [P0] oro-ip.2  Fix login timeout                                                                                   
  □ [P1] oro-ip.1  Refactor auth module                                                                                 
  □ [P1] oro-bl.1  Blocked on infra                                                                                     
  ✦ [P2] oro-op.1  Add caching layer                                                                                    
  □ [P3] oro-op.2  Write API docs                                                                                       
                                                                                                                        
▼  Closed (2)                                                                                                           
  □ [P2] oro-cl.1  Setup CI pipeline                                                                                    
  □ [P3] oro-cl.2  Initial scaffolding                                                                                  
                                                                                                                        
                                                                                                                        
                                                                                                                        
                                                                                                                        
                                                                                                                        
                                                                                                                        
                                                                                                                        
                                                                                                                        
                                                                                                                        
                                                                                                                        
                                                                                                                        
                                                                                                                        
                                                                                                                        
                                                                                                                        
                                                                                                                        
                                                                                                                        
                                                                                                                        
                                                                                                                        
                                                                                                                        
                                                                                                                        
                                                                                                                        
                                                                                                                        
                                                                                                                        
                                                                                                                        
                                                                                                                        
                                                                                                                        
                                                                                                                        
                                                                                                                        
                                                                                                                        
                                                                                                                        