╭──────────────────────────────╮╭──────────────────────────────╮╭──────────────────────────────╮╭──────────────────────────────╮
│                              ││                              ││                              ││                              │
│            Ready             ││         In Progress          ││           Blocked            ││          Done (1/1)          │
│──────────────────────────────││──────────────────────────────││──────────────────────────────││──────────────────────────────│
│ [P1] [T] Open task           ││ [P0] [B] In-progress bug     ││ [P2] [F] Blocked feature     ││ [P3] [E] Closed epic         │
│ oro-aaa.1                    ││ oro-aaa.2                    ││ oro-aaa.3                    ││ oro-aaa.4                    │
│                              ││                              ││ 🚧 oro‑aaa.1                 ││                              │
│                              ││                              ││                              ││                              │
│                              ││                              ││                              ││                              │
╰──────────────────────────────╯╰──────────────────────────────╯│                              │╰──────────────────────────────╯
                                                                ╰──────────────────────────────╯                                