                                                                                            
Search Beads                                                                                
                                                                                            
╭────────────────────────────────────────────────────────────────────────────╮              
│ Query: > Search by ID, title, or filter (p:0, s:open, t:bug)               │              
╰────────────────────────────────────────────────────────────────────────────╯              
                                                                                            
Use p:N, s:STATUS, t:TYPE filters or fuzzy search. ↑↓ navigate, Enter to view, Esc to cancel
                                                                                            
                                                                                            
 ▸ oro-srch.1 - First result                                                                
  oro-srch.2 - Second result                                                                
                                                                                            
                                                                                            